[  0.299517   0.314256   0.424153   0.67668    0.491821 112.719597
   2.35832    0.310129   0.58082    0.326674   0.382772   0.708112
   0.53497 ]