{
    "AFRO:DRCONGO:HAUT_KATANGA:KAMALONDO": 4415,
    "AFRO:DRCONGO:HAUT_KATANGA:KAMPEMBA": 1509,
    "AFRO:DRCONGO:HAUT_KATANGA:KATUBA": 3897,
    "AFRO:DRCONGO:HAUT_KATANGA:KENYA": 1574,
    "AFRO:DRCONGO:HAUT_KATANGA:KIPUSHI": 164550,
    "AFRO:DRCONGO:HAUT_KATANGA:KISANGA": 4361,
    "AFRO:DRCONGO:HAUT_KATANGA:KOWE": 8207,
    "AFRO:DRCONGO:HAUT_KATANGA:LUBUMBASHI": 1334744,
    "AFRO:DRCONGO:HAUT_KATANGA:MUMBUNDA": 29660,
    "AFRO:DRCONGO:HAUT_KATANGA:TSHAMILEMBA": 226677,
    "AFRO:DRCONGO:HAUT_KATANGA:VANGU": 0
}