{
    "AFRO:DRCONGO:HAUT_KATANGA:KAMALONDO": 32.46549270433538,
    "AFRO:DRCONGO:HAUT_KATANGA:KAMPEMBA": 23.953199341183616,
    "AFRO:DRCONGO:HAUT_KATANGA:KATUBA": 15.713887699188724,
    "AFRO:DRCONGO:HAUT_KATANGA:KENYA": 13.571568949469205,
    "AFRO:DRCONGO:HAUT_KATANGA:KIPUSHI": 554.0395906156161,
    "AFRO:DRCONGO:HAUT_KATANGA:KISANGA": 25.505704821201792,
    "AFRO:DRCONGO:HAUT_KATANGA:KOWE": 8207.423828125,
    "AFRO:DRCONGO:HAUT_KATANGA:LUBUMBASHI": 2329.3960981585383,
    "AFRO:DRCONGO:HAUT_KATANGA:MUMBUNDA": 137.31561932740388,
    "AFRO:DRCONGO:HAUT_KATANGA:TSHAMILEMBA": 624.4549409955658,
    "AFRO:DRCONGO:HAUT_KATANGA:VANGU": 0
}