{
    "AFRO:DRCONGO:HAUT_KATANGA:KAMALONDO": {
        "pop": 4415,
        "val": 70.90744543636889
    },
    "AFRO:DRCONGO:HAUT_KATANGA:KAMPEMBA": {
        "pop": 1509,
        "val": 70.21695005461179
    },
    "AFRO:DRCONGO:HAUT_KATANGA:KATUBA": {
        "pop": 3897,
        "val": 70.24081163421107
    },
    "AFRO:DRCONGO:HAUT_KATANGA:KENYA": {
        "pop": 1574,
        "val": 69.65908342969001
    },
    "AFRO:DRCONGO:HAUT_KATANGA:KIPUSHI": {
        "pop": 164550,
        "val": 76.52673705486545
    },
    "AFRO:DRCONGO:HAUT_KATANGA:KISANGA": {
        "pop": 4361,
        "val": 70.89721988657945
    },
    "AFRO:DRCONGO:HAUT_KATANGA:KOWE": {
        "pop": 8207,
        "val": 79.62368485796601
    },
    "AFRO:DRCONGO:HAUT_KATANGA:LUBUMBASHI": {
        "pop": 1334744,
        "val": 78.66953837036513
    },
    "AFRO:DRCONGO:HAUT_KATANGA:MUMBUNDA": {
        "pop": 29660,
        "val": 73.72238005474574
    },
    "AFRO:DRCONGO:HAUT_KATANGA:TSHAMILEMBA": {
        "pop": 226677,
        "val": 76.14007475695126
    },
    "AFRO:DRCONGO:HAUT_KATANGA:VANGU": {
        "pop": 0,
        "val": 79.40720079086496
    }
}